[franchiseleadshq.com/index.html]
[backblue.gif]
[fade.gif]
[index.html]
[framerusercontent.com/images/pLxXE0bYWOwzKhhhyFKUzbDwI.png]
[framerusercontent.com/images/569rtDEmTuWT3r530O0qDyfc.png]
[framerusercontent.com/images/LsJGvkbYbF1y4ifkFrjeNfRfzYM.jpg]
[framerusercontent.com/images/5P0eN6qtSxQg8Lrk6rw2GR9e7eI.jpg]
[framerusercontent.com/images/oUkBi1c8nERocfQrJWNLxZ9Fipw.jpg]
[framerusercontent.com/images/iABb6ejla3A5ZzE4zgxiPqBaYHI.jpg]
[framerusercontent.com/images/PnIzDCxNEWEV5IJnqaUZaXJiws7ad4.png]
[framerusercontent.com/images/c4L3QdmVtQCsmBSP7dkweMkAXoe12c.png]
[framerusercontent.com/images/wxQkfZsKQGoyHX4vInoMNzels4ccb0c.png]
[framerusercontent.com/images/2KoaZqCoRJ4ohyLfT7XmRbZhQM8079.png]
[franchiseleadshq.com/About.html]
[franchiseleadshq.com/contact.html]
[franchiseleadshq.com/legal-terms/refund-satisfaction-guarantee-policy.html]
[franchiseleadshq.com/legal-terms/privacy-policy.html]
[framerusercontent.com/images/dKJXErDfLejD1WMAgxK2TKt1bs.png]
[franchiseleadshq.com/index.html]
[framerusercontent.com/images/y9hfOMzgE8lW3evQ50EwkL1BV3U3090.jpg]
[framerusercontent.com/images/gJEDKnLxNdKQe0PqtYD0OIj0Kc303c.jpg]
[framerusercontent.com/images/5RPam9TX4aXfoOlOaIZbdC5o7uE7cb3.jpg]
[framerusercontent.com/images/g5MhS91ZmVNFopDdxBRNd64wKpA502d.jpg]
[framerusercontent.com/images/hual6RMkgF3jI31MiyDLQxNUb90c.png]
[framerusercontent.com/images/CbuRnkePiOKQIv4qrnpK4ikxio9de4.jpg]
[framerusercontent.com/images/LkVs6m8J7IRfGUcsxZd8TOthBCo49da.jpg]
[framerusercontent.com/images/A0jRS4Ggm7xRkRcGRg29WvIHuI1b5a.jpg]
[framerusercontent.com/images/E4vFsBUi09Z0ar5Cnuxtt5DW21859bd.png]
[franchiseleadshq.com/About.html]
[franchiseleadshq.com/contact.html]
[franchiseleadshq.com/legal-terms/refund-satisfaction-guarantee-policy.html]
[franchiseleadshq.com/legal-terms/privacy-policy.html]
